
> frontend@0.1.0 build
> next build

⚠ Attempted to load /Users/giovannesartor/Downloads/ESGenius-site/frontend/node_modules/next/next-swc-fallback/@next/swc-darwin-arm64/next-swc.darwin-arm64.node, but it was not installed
⚠ Attempted to load @next/swc-darwin-arm64, but it was not installed
⚠ Warning: Next.js inferred your workspace root, but it may not be correct.
 We detected multiple lockfiles and selected the directory of /Users/giovannesartor/package-lock.json as the root directory.
 To silence this warning, set `turbopack.root` in your Next.js config, or consider removing one of the lockfiles if it's not needed.
   See https://nextjs.org/docs/app/api-reference/config/next-config-js/turbopack#root-directory for more information.
 Detected additional lockfiles: 
   * /Users/giovannesartor/Downloads/ESGenius-site/frontend/package-lock.json

  Skipping creating a lockfile at /Users/giovannesartor/Downloads/ESGenius-site/frontend/.next/lock because we're using WASM bindings
▲ Next.js 16.2.2 (Turbopack)

⚠ The "middleware" file convention is deprecated. Please use "proxy" instead. Learn more: https://nextjs.org/docs/messages/middleware-to-proxy
  Creating an optimized production build ...
⚠ Attempted to load /Users/giovannesartor/Downloads/ESGenius-site/frontend/node_modules/next/next-swc-fallback/@next/swc-darwin-arm64/next-swc.darwin-arm64.node, but it was not installed
⚠ Attempted to load @next/swc-darwin-arm64, but it was not installed

> Build error occurred
Error: Turbopack is not supported on this platform (darwin/arm64) because native bindings are not available. Only WebAssembly (WASM) bindings were loaded, and Turbopack requires native bindings.

To build on this platform, use Webpack instead:
  next build --webpack

For more information, see: https://nextjs.org/docs/app/api-reference/turbopack#supported-platforms
    at ignore-listed frames
npm notice
npm notice New minor version of npm available! 11.4.2 -> 11.14.1
npm notice Changelog: https://github.com/npm/cli/releases/tag/v11.14.1
npm notice To update run: npm install -g npm@11.14.1
npm notice
